[2026-10-06 09:26:35] local.ERROR: file_get_contents(C:\Programming\Projects\LaunchPoint\app\Providers/stubs/ApiResponseTrait.stub): Failed to open stream: No such file or directory {"exception":"[object] (ErrorException(code: 0): file_get_contents(C:\\Programming\\Projects\\LaunchPoint\\app\\Providers/stubs/ApiResponseTrait.stub): Failed to open stream: No such file or directory at C:/Programming/Projects/LaunchPoint/app/Providers/LaunchPointServiceProvider.php:27)
[stacktrace]
#0 C:/Programming/Projects/LaunchPoint/vendor/laravel/framework/src/Illuminate/Foundation/Bootstrap/HandleExceptions.php(258): Illuminate/Foundation/Bootstrap/HandleExceptions->handleError(2, 'file_get_conten...', 'C://Programming//...', 27)
#1 [internal function]: Illuminate/Foundation/Bootstrap/HandleExceptions->Illuminate/Foundation/Bootstrap/{closure}(2, 'file_get_conten...', 'C://Programming//...', 27)
#2 C:/Programming/Projects/LaunchPoint/app/Providers/LaunchPointServiceProvider.php(27): file_get_contents('C://Programming//...')
#3 C:/Programming/Projects/LaunchPoint/vendor/laravel/framework/src/Illuminate/Container/BoundMethod.php(36): App/Providers/LaunchPointServiceProvider->boot()
#4 C:/Programming/Projects/LaunchPoint/vendor/laravel/framework/src/Illuminate/Container/Util.php(43): Illuminate/Container/BoundMethod::Illuminate/Container/{closure}()
#5 C:/Programming/Projects/LaunchPoint/vendor/laravel/framework/src/Illuminate/Container/BoundMethod.php(96): Illuminate/Container/Util::unwrapIfClosure(Object(Closure))
#6 C:/Programming/Projects/LaunchPoint/vendor/laravel/framework/src/Illuminate/Container/BoundMethod.php(35): Illuminate/Container/BoundMethod::callBoundMethod(Object(Illuminate/Foundation/Application), Array, Object(Closure))
#7 C:/Programming/Projects/LaunchPoint/vendor/laravel/framework/src/Illuminate/Container/Container.php(799): Illuminate/Container/BoundMethod::call(Object(Illuminate/Foundation/Application), Array, Array, NULL)
#8 C:/Programming/Projects/LaunchPoint/vendor/laravel/framework/src/Illuminate/Foundation/Application.php(1151): Illuminate/Container/Container->call(Array)
#9 C:/Programming/Projects/LaunchPoint/vendor/laravel/framework/src/Illuminate/Foundation/Application.php(1132): Illuminate/Foundation/Application->bootProvider(Object(App/Providers/LaunchPointServiceProvider))
#10 [internal function]: Illuminate/Foundation/Application->Illuminate/Foundation/{closure}(Object(App/Providers/LaunchPointServiceProvider), 'App//Providers//L...')
#11 C:/Programming/Projects/LaunchPoint/vendor/laravel/framework/src/Illuminate/Foundation/Application.php(1131): array_walk(Array, Object(Closure))
#12 C:/Programming/Projects/LaunchPoint/vendor/laravel/framework/src/Illuminate/Foundation/Bootstrap/BootProviders.php(17): Illuminate/Foundation/Application->boot()
#13 C:/Programming/Projects/LaunchPoint/vendor/laravel/framework/src/Illuminate/Foundation/Application.php(342): Illuminate/Foundation/Bootstrap/BootProviders->bootstrap(Object(Illuminate/Foundation/Application))
#14 C:/Programming/Projects/LaunchPoint/vendor/laravel/framework/src/Illuminate/Foundation/Console/Kernel.php(494): Illuminate/Foundation/Application->bootstrapWith(Array)
#15 C:/Programming/Projects/LaunchPoint/vendor/laravel/framework/src/Illuminate/Foundation/Console/Kernel.php(196): Illuminate/Foundation/Console/Kernel->bootstrap()
#16 C:/Programming/Projects/LaunchPoint/vendor/laravel/framework/src/Illuminate/Foundation/Application.php(1235): Illuminate/Foundation/Console/Kernel->handle(Object(Symfony/Component/Console/Input/ArgvInput), Object(Symfony/Component/Console/Output/ConsoleOutput))
#17 C:/Programming/Projects/LaunchPoint/artisan(16): Illuminate/Foundation/Application->handleCommand(Object(Symfony/Component/Console/Input/ArgvInput))
#18 {main}
"} 
[2026-10-06 09:30:11] local.ERROR: There are no commands defined in the "launchpoint" namespace. {"exception":"[object] (Symfony\\Component\\Console\\Exception\\NamespaceNotFoundException(code: 0): There are no commands defined in the \"launchpoint\" namespace. at C:/Programming/Projects/LaunchPoint/vendor/symfony/console/Application.php:694)
[stacktrace]
#0 C:/Programming/Projects/LaunchPoint/vendor/symfony/console/Descriptor/ApplicationDescription.php(84): Symfony/Component/Console/Application->findNamespace('launchpoint')
#1 C:/Programming/Projects/LaunchPoint/vendor/symfony/console/Descriptor/ApplicationDescription.php(61): Symfony/Component/Console/Descriptor/ApplicationDescription->inspectApplication()
#2 C:/Programming/Projects/LaunchPoint/vendor/symfony/console/Descriptor/TextDescriptor.php(185): Symfony/Component/Console/Descriptor/ApplicationDescription->getCommands()
#3 C:/Programming/Projects/LaunchPoint/vendor/symfony/console/Descriptor/Descriptor.php(40): Symfony/Component/Console/Descriptor/TextDescriptor->describeApplication(Object(Illuminate/Console/Application), Array)
#4 C:/Programming/Projects/LaunchPoint/vendor/symfony/console/Helper/DescriptorHelper.php(67): Symfony/Component/Console/Descriptor/Descriptor->describe(Object(Symfony/Component/Console/Output/ConsoleOutput), Object(Illuminate/Console/Application), Array)
#5 C:/Programming/Projects/LaunchPoint/vendor/symfony/console/Command/ListCommand.php(63): Symfony/Component/Console/Helper/DescriptorHelper->describe(Object(Symfony/Component/Console/Output/ConsoleOutput), Object(Illuminate/Console/Application), Array)
#6 C:/Programming/Projects/LaunchPoint/vendor/symfony/console/Command/Command.php(341): Symfony/Component/Console/Command/ListCommand->execute(Object(Symfony/Component/Console/Input/ArgvInput), Object(Symfony/Component/Console/Output/ConsoleOutput))
#7 C:/Programming/Projects/LaunchPoint/vendor/symfony/console/Application.php(1117): Symfony/Component/Console/Command/Command->run(Object(Symfony/Component/Console/Input/ArgvInput), Object(Symfony/Component/Console/Output/ConsoleOutput))
#8 C:/Programming/Projects/LaunchPoint/vendor/symfony/console/Application.php(356): Symfony/Component/Console/Application->doRunCommand(Object(Symfony/Component/Console/Command/ListCommand), Object(Symfony/Component/Console/Input/ArgvInput), Object(Symfony/Component/Console/Output/ConsoleOutput))
#9 C:/Programming/Projects/LaunchPoint/vendor/symfony/console/Application.php(195): Symfony/Component/Console/Application->doRun(Object(Symfony/Component/Console/Input/ArgvInput), Object(Symfony/Component/Console/Output/ConsoleOutput))
#10 C:/Programming/Projects/LaunchPoint/vendor/laravel/framework/src/Illuminate/Foundation/Console/Kernel.php(198): Symfony/Component/Console/Application->run(Object(Symfony/Component/Console/Input/ArgvInput), Object(Symfony/Component/Console/Output/ConsoleOutput))
#11 C:/Programming/Projects/LaunchPoint/vendor/laravel/framework/src/Illuminate/Foundation/Application.php(1235): Illuminate/Foundation/Console/Kernel->handle(Object(Symfony/Component/Console/Input/ArgvInput), Object(Symfony/Component/Console/Output/ConsoleOutput))
#12 C:/Programming/Projects/LaunchPoint/artisan(16): Illuminate/Foundation/Application->handleCommand(Object(Symfony/Component/Console/Input/ArgvInput))
#13 {main}
"} 
[2026-10-06 09:30:27] local.ERROR: There are no commands defined in the "launchpoint" namespace. {"exception":"[object] (Symfony\\Component\\Console\\Exception\\NamespaceNotFoundException(code: 0): There are no commands defined in the \"launchpoint\" namespace. at C:/Programming/Projects/LaunchPoint/vendor/symfony/console/Application.php:694)
[stacktrace]
#0 C:/Programming/Projects/LaunchPoint/vendor/symfony/console/Descriptor/ApplicationDescription.php(84): Symfony/Component/Console/Application->findNamespace('launchpoint')
#1 C:/Programming/Projects/LaunchPoint/vendor/symfony/console/Descriptor/ApplicationDescription.php(61): Symfony/Component/Console/Descriptor/ApplicationDescription->inspectApplication()
#2 C:/Programming/Projects/LaunchPoint/vendor/symfony/console/Descriptor/TextDescriptor.php(185): Symfony/Component/Console/Descriptor/ApplicationDescription->getCommands()
#3 C:/Programming/Projects/LaunchPoint/vendor/symfony/console/Descriptor/Descriptor.php(40): Symfony/Component/Console/Descriptor/TextDescriptor->describeApplication(Object(Illuminate/Console/Application), Array)
#4 C:/Programming/Projects/LaunchPoint/vendor/symfony/console/Helper/DescriptorHelper.php(67): Symfony/Component/Console/Descriptor/Descriptor->describe(Object(Symfony/Component/Console/Output/ConsoleOutput), Object(Illuminate/Console/Application), Array)
#5 C:/Programming/Projects/LaunchPoint/vendor/symfony/console/Command/ListCommand.php(63): Symfony/Component/Console/Helper/DescriptorHelper->describe(Object(Symfony/Component/Console/Output/ConsoleOutput), Object(Illuminate/Console/Application), Array)
#6 C:/Programming/Projects/LaunchPoint/vendor/symfony/console/Command/Command.php(341): Symfony/Component/Console/Command/ListCommand->execute(Object(Symfony/Component/Console/Input/ArgvInput), Object(Symfony/Component/Console/Output/ConsoleOutput))
#7 C:/Programming/Projects/LaunchPoint/vendor/symfony/console/Application.php(1117): Symfony/Component/Console/Command/Command->run(Object(Symfony/Component/Console/Input/ArgvInput), Object(Symfony/Component/Console/Output/ConsoleOutput))
#8 C:/Programming/Projects/LaunchPoint/vendor/symfony/console/Application.php(356): Symfony/Component/Console/Application->doRunCommand(Object(Symfony/Component/Console/Command/ListCommand), Object(Symfony/Component/Console/Input/ArgvInput), Object(Symfony/Component/Console/Output/ConsoleOutput))
#9 C:/Programming/Projects/LaunchPoint/vendor/symfony/console/Application.php(195): Symfony/Component/Console/Application->doRun(Object(Symfony/Component/Console/Input/ArgvInput), Object(Symfony/Component/Console/Output/ConsoleOutput))
#10 C:/Programming/Projects/LaunchPoint/vendor/laravel/framework/src/Illuminate/Foundation/Console/Kernel.php(198): Symfony/Component/Console/Application->run(Object(Symfony/Component/Console/Input/ArgvInput), Object(Symfony/Component/Console/Output/ConsoleOutput))
#11 C:/Programming/Projects/LaunchPoint/vendor/laravel/framework/src/Illuminate/Foundation/Application.php(1235): Illuminate/Foundation/Console/Kernel->handle(Object(Symfony/Component/Console/Input/ArgvInput), Object(Symfony/Component/Console/Output/ConsoleOutput))
#12 C:/Programming/Projects/LaunchPoint/artisan(16): Illuminate/Foundation/Application->handleCommand(Object(Symfony/Component/Console/Input/ArgvInput))
#13 {main}
"} 
